Archive member included to satisfy reference by file (symbol)

c:/program files (x86)/atmel/studio/7.0/toolchain/avr8/avr8-gnu-toolchain/bin/../lib/gcc/avr/5.4.0/avr5\libgcc.a(_exit.o)
                              C:/Program Files (x86)/Atmel/Studio/7.0/Packs/atmel/ATmega_DFP/1.7.374/gcc/dev/atmega644p/avr5/crtatmega644p.o (exit)
c:/program files (x86)/atmel/studio/7.0/toolchain/avr8/avr8-gnu-toolchain/bin/../lib/gcc/avr/5.4.0/avr5\libgcc.a(_tablejump2.o)
                              APPLICATION/Shaft_coll/SHAFT_COLL.o (__tablejump2__)
c:/program files (x86)/atmel/studio/7.0/toolchain/avr8/avr8-gnu-toolchain/bin/../lib/gcc/avr/5.4.0/avr5\libgcc.a(_copy_data.o)
                              APPLICATION/APP.o (__do_copy_data)
c:/program files (x86)/atmel/studio/7.0/toolchain/avr8/avr8-gnu-toolchain/bin/../lib/gcc/avr/5.4.0/avr5\libgcc.a(_clear_bss.o)
                              APPLICATION/APP.o (__do_clear_bss)
c:/program files (x86)/atmel/studio/7.0/toolchain/avr8/avr8-gnu-toolchain/bin/../lib/gcc/avr/5.4.0/../../../../avr/lib/avr5\libc.a(sprintf.o)
                              ECUAL/LCD/LCD.o (sprintf)
c:/program files (x86)/atmel/studio/7.0/toolchain/avr8/avr8-gnu-toolchain/bin/../lib/gcc/avr/5.4.0/../../../../avr/lib/avr5\libc.a(vfprintf_std.o)
                              c:/program files (x86)/atmel/studio/7.0/toolchain/avr8/avr8-gnu-toolchain/bin/../lib/gcc/avr/5.4.0/../../../../avr/lib/avr5\libc.a(sprintf.o) (vfprintf)
c:/program files (x86)/atmel/studio/7.0/toolchain/avr8/avr8-gnu-toolchain/bin/../lib/gcc/avr/5.4.0/../../../../avr/lib/avr5\libc.a(strnlen_P.o)
                              c:/program files (x86)/atmel/studio/7.0/toolchain/avr8/avr8-gnu-toolchain/bin/../lib/gcc/avr/5.4.0/../../../../avr/lib/avr5\libc.a(vfprintf_std.o) (strnlen_P)
c:/program files (x86)/atmel/studio/7.0/toolchain/avr8/avr8-gnu-toolchain/bin/../lib/gcc/avr/5.4.0/../../../../avr/lib/avr5\libc.a(strnlen.o)
                              c:/program files (x86)/atmel/studio/7.0/toolchain/avr8/avr8-gnu-toolchain/bin/../lib/gcc/avr/5.4.0/../../../../avr/lib/avr5\libc.a(vfprintf_std.o) (strnlen)
c:/program files (x86)/atmel/studio/7.0/toolchain/avr8/avr8-gnu-toolchain/bin/../lib/gcc/avr/5.4.0/../../../../avr/lib/avr5\libc.a(fputc.o)
                              c:/program files (x86)/atmel/studio/7.0/toolchain/avr8/avr8-gnu-toolchain/bin/../lib/gcc/avr/5.4.0/../../../../avr/lib/avr5\libc.a(vfprintf_std.o) (fputc)
c:/program files (x86)/atmel/studio/7.0/toolchain/avr8/avr8-gnu-toolchain/bin/../lib/gcc/avr/5.4.0/../../../../avr/lib/avr5\libc.a(ultoa_invert.o)
                              c:/program files (x86)/atmel/studio/7.0/toolchain/avr8/avr8-gnu-toolchain/bin/../lib/gcc/avr/5.4.0/../../../../avr/lib/avr5\libc.a(vfprintf_std.o) (__ultoa_invert)
c:/program files (x86)/atmel/studio/7.0/toolchain/avr8/avr8-gnu-toolchain/bin/../lib/gcc/avr/5.4.0/avr5\libgcc.a(_prologue.o)
                              c:/program files (x86)/atmel/studio/7.0/toolchain/avr8/avr8-gnu-toolchain/bin/../lib/gcc/avr/5.4.0/../../../../avr/lib/avr5\libc.a(sprintf.o) (__prologue_saves__)
c:/program files (x86)/atmel/studio/7.0/toolchain/avr8/avr8-gnu-toolchain/bin/../lib/gcc/avr/5.4.0/avr5\libgcc.a(_epilogue.o)
                              c:/program files (x86)/atmel/studio/7.0/toolchain/avr8/avr8-gnu-toolchain/bin/../lib/gcc/avr/5.4.0/../../../../avr/lib/avr5\libc.a(sprintf.o) (__epilogue_restores__)

Allocating common symbols
Common symbol       size              file

pSelect             0x1               APPLICATION/APP.o
p                   0x1               APPLICATION/APP.o
shaftInputValue     0x1               APPLICATION/APP.o
binary              0x14              APPLICATION/APP.o

Discarded input sections

 .data          0x00000000        0x0 C:/Program Files (x86)/Atmel/Studio/7.0/Packs/atmel/ATmega_DFP/1.7.374/gcc/dev/atmega644p/avr5/crtatmega644p.o
 .bss           0x00000000        0x0 C:/Program Files (x86)/Atmel/Studio/7.0/Packs/atmel/ATmega_DFP/1.7.374/gcc/dev/atmega644p/avr5/crtatmega644p.o
 .text          0x00000000        0x0 APPLICATION/APP.o
 .data          0x00000000        0x0 APPLICATION/APP.o
 .bss           0x00000000        0x0 APPLICATION/APP.o
 .text          0x00000000        0x0 APPLICATION/Call_coll/CALL_COLLc.o
 .data          0x00000000        0x0 APPLICATION/Call_coll/CALL_COLLc.o
 .bss           0x00000000        0x0 APPLICATION/Call_coll/CALL_COLLc.o
 .debug_line    0x00000000        0x0 APPLICATION/Call_coll/CALL_COLLc.o
 .debug_str     0x00000000      0x108 APPLICATION/Call_coll/CALL_COLLc.o
 .comment       0x00000000       0x31 APPLICATION/Call_coll/CALL_COLLc.o
 .text          0x00000000        0x0 APPLICATION/Dis_mode/DIS_MODE.o
 .data          0x00000000        0x0 APPLICATION/Dis_mode/DIS_MODE.o
 .bss           0x00000000        0x0 APPLICATION/Dis_mode/DIS_MODE.o
 .debug_line    0x00000000        0x0 APPLICATION/Dis_mode/DIS_MODE.o
 .debug_str     0x00000000      0x105 APPLICATION/Dis_mode/DIS_MODE.o
 .comment       0x00000000       0x31 APPLICATION/Dis_mode/DIS_MODE.o
 .text          0x00000000        0x0 APPLICATION/Ins_mode/INS.o
 .data          0x00000000        0x0 APPLICATION/Ins_mode/INS.o
 .bss           0x00000000        0x0 APPLICATION/Ins_mode/INS.o
 .debug_line    0x00000000        0x0 APPLICATION/Ins_mode/INS.o
 .debug_str     0x00000000      0x100 APPLICATION/Ins_mode/INS.o
 .comment       0x00000000       0x31 APPLICATION/Ins_mode/INS.o
 .text          0x00000000        0x0 APPLICATION/Movement/Movement.o
 .data          0x00000000        0x0 APPLICATION/Movement/Movement.o
 .bss           0x00000000        0x0 APPLICATION/Movement/Movement.o
 .debug_line    0x00000000        0x0 APPLICATION/Movement/Movement.o
 .debug_str     0x00000000      0x105 APPLICATION/Movement/Movement.o
 .comment       0x00000000       0x31 APPLICATION/Movement/Movement.o
 .text          0x00000000        0x0 APPLICATION/Norm_mode/NORMAL_MODE.o
 .data          0x00000000        0x0 APPLICATION/Norm_mode/NORMAL_MODE.o
 .bss           0x00000000        0x0 APPLICATION/Norm_mode/NORMAL_MODE.o
 .debug_line    0x00000000        0x0 APPLICATION/Norm_mode/NORMAL_MODE.o
 .debug_str     0x00000000      0x109 APPLICATION/Norm_mode/NORMAL_MODE.o
 .comment       0x00000000       0x31 APPLICATION/Norm_mode/NORMAL_MODE.o
 .text          0x00000000        0x0 APPLICATION/Prog_mode/PROG_MODE.o
 .data          0x00000000        0x0 APPLICATION/Prog_mode/PROG_MODE.o
 .bss           0x00000000        0x0 APPLICATION/Prog_mode/PROG_MODE.o
 .text.displayType
                0x00000000        0x2 APPLICATION/Prog_mode/PROG_MODE.o
 .text.lightTimer
                0x00000000        0x2 APPLICATION/Prog_mode/PROG_MODE.o
 .text.doorNumber
                0x00000000        0x2 APPLICATION/Prog_mode/PROG_MODE.o
 .text.callCollective
                0x00000000        0x2 APPLICATION/Prog_mode/PROG_MODE.o
 .text.inspSpeed
                0x00000000        0x2 APPLICATION/Prog_mode/PROG_MODE.o
 .text.dopTimer
                0x00000000        0x2 APPLICATION/Prog_mode/PROG_MODE.o
 .text.dclTimer
                0x00000000        0x2 APPLICATION/Prog_mode/PROG_MODE.o
 .text.waitTimer
                0x00000000        0x2 APPLICATION/Prog_mode/PROG_MODE.o
 .text.slowTimer
                0x00000000        0x2 APPLICATION/Prog_mode/PROG_MODE.o
 .text.fastTimer
                0x00000000        0x2 APPLICATION/Prog_mode/PROG_MODE.o
 .text.lockError
                0x00000000        0x2 APPLICATION/Prog_mode/PROG_MODE.o
 .text.camTimer
                0x00000000        0x2 APPLICATION/Prog_mode/PROG_MODE.o
 .text.camTrials
                0x00000000        0x2 APPLICATION/Prog_mode/PROG_MODE.o
 .text.timeOut  0x00000000        0x2 APPLICATION/Prog_mode/PROG_MODE.o
 .text.setPassword
                0x00000000        0x2 APPLICATION/Prog_mode/PROG_MODE.o
 .text.correction
                0x00000000        0x2 APPLICATION/Prog_mode/PROG_MODE.o
 .text          0x00000000        0x0 APPLICATION/Shaft_coll/SHAFT_COLL.o
 .data          0x00000000        0x0 APPLICATION/Shaft_coll/SHAFT_COLL.o
 .bss           0x00000000        0x0 APPLICATION/Shaft_coll/SHAFT_COLL.o
 .text.init_mux
                0x00000000        0x8 APPLICATION/Shaft_coll/SHAFT_COLL.o
 .text.set_mux_channel
                0x00000000       0x16 APPLICATION/Shaft_coll/SHAFT_COLL.o
 .rodata.str1.1
                0x00000000       0x5e APPLICATION/Shaft_coll/SHAFT_COLL.o
 .text.shaftSignal
                0x00000000      0x2e8 APPLICATION/Shaft_coll/SHAFT_COLL.o
 .progmem.gcc_sw_table.shaftSignal
                0x00000000       0x1e APPLICATION/Shaft_coll/SHAFT_COLL.o
 .data.muxData  0x00000000        0xf APPLICATION/Shaft_coll/SHAFT_COLL.o
 .debug_info    0x00000000      0x7e4 APPLICATION/Shaft_coll/SHAFT_COLL.o
 .debug_abbrev  0x00000000      0x197 APPLICATION/Shaft_coll/SHAFT_COLL.o
 .debug_loc     0x00000000       0x8d APPLICATION/Shaft_coll/SHAFT_COLL.o
 .debug_aranges
                0x00000000       0x30 APPLICATION/Shaft_coll/SHAFT_COLL.o
 .debug_ranges  0x00000000       0x20 APPLICATION/Shaft_coll/SHAFT_COLL.o
 .debug_line    0x00000000      0x424 APPLICATION/Shaft_coll/SHAFT_COLL.o
 .debug_str     0x00000000      0x23b APPLICATION/Shaft_coll/SHAFT_COLL.o
 .comment       0x00000000       0x31 APPLICATION/Shaft_coll/SHAFT_COLL.o
 .debug_frame   0x00000000       0x44 APPLICATION/Shaft_coll/SHAFT_COLL.o
 .text          0x00000000        0x0 ECUAL/7SEG/_7seg.o
 .data          0x00000000        0x0 ECUAL/7SEG/_7seg.o
 .bss           0x00000000        0x0 ECUAL/7SEG/_7seg.o
 .text          0x00000000        0x0 ECUAL/BUTTON/BUTTON.o
 .data          0x00000000        0x0 ECUAL/BUTTON/BUTTON.o
 .bss           0x00000000        0x0 ECUAL/BUTTON/BUTTON.o
 .debug_line    0x00000000        0x0 ECUAL/BUTTON/BUTTON.o
 .debug_str     0x00000000       0xfb ECUAL/BUTTON/BUTTON.o
 .comment       0x00000000       0x31 ECUAL/BUTTON/BUTTON.o
 .text          0x00000000        0x0 ECUAL/CALLS/calls.o
 .data          0x00000000        0x0 ECUAL/CALLS/calls.o
 .bss           0x00000000        0x0 ECUAL/CALLS/calls.o
 .text          0x00000000        0x0 ECUAL/LCD/LCD.o
 .data          0x00000000        0x0 ECUAL/LCD/LCD.o
 .bss           0x00000000        0x0 ECUAL/LCD/LCD.o
 .rodata.str1.1
                0x00000000        0x3 ECUAL/LCD/LCD.o
 .text.lcd_number
                0x00000000       0x78 ECUAL/LCD/LCD.o
 .text.lcd_set_cursor
                0x00000000       0x1c ECUAL/LCD/LCD.o
 .text          0x00000000        0x0 ECUAL/MOV/MOV.o
 .data          0x00000000        0x0 ECUAL/MOV/MOV.o
 .bss           0x00000000        0x0 ECUAL/MOV/MOV.o
 .text.moveTEST
                0x00000000       0xa2 ECUAL/MOV/MOV.o
 .progmem.gcc_sw_table.moveTEST
                0x00000000       0x12 ECUAL/MOV/MOV.o
 .debug_info    0x00000000       0x93 ECUAL/MOV/MOV.o
 .debug_abbrev  0x00000000       0x60 ECUAL/MOV/MOV.o
 .debug_loc     0x00000000      0x115 ECUAL/MOV/MOV.o
 .debug_aranges
                0x00000000       0x20 ECUAL/MOV/MOV.o
 .debug_ranges  0x00000000       0x10 ECUAL/MOV/MOV.o
 .debug_line    0x00000000      0x186 ECUAL/MOV/MOV.o
 .debug_str     0x00000000      0x173 ECUAL/MOV/MOV.o
 .comment       0x00000000       0x31 ECUAL/MOV/MOV.o
 .debug_frame   0x00000000       0x24 ECUAL/MOV/MOV.o
 .text          0x00000000        0x0 ECUAL/MULTIPLEXER/PLEXER.o
 .data          0x00000000        0x0 ECUAL/MULTIPLEXER/PLEXER.o
 .bss           0x00000000        0x0 ECUAL/MULTIPLEXER/PLEXER.o
 .debug_line    0x00000000        0x0 ECUAL/MULTIPLEXER/PLEXER.o
 .debug_str     0x00000000      0x100 ECUAL/MULTIPLEXER/PLEXER.o
 .comment       0x00000000       0x31 ECUAL/MULTIPLEXER/PLEXER.o
 .text          0x00000000        0x0 ECUAL/SHIFT_REGISTER/SHIFT.o
 .data          0x00000000        0x0 ECUAL/SHIFT_REGISTER/SHIFT.o
 .bss           0x00000000        0x0 ECUAL/SHIFT_REGISTER/SHIFT.o
 .text.lcd_shiftReset
                0x00000000        0x8 ECUAL/SHIFT_REGISTER/SHIFT.o
 .text          0x00000000        0x0 main.o
 .data          0x00000000        0x0 main.o
 .bss           0x00000000        0x0 main.o
 .text          0x00000000        0x0 MCAL/DIO/DIO.o
 .data          0x00000000        0x0 MCAL/DIO/DIO.o
 .bss           0x00000000        0x0 MCAL/DIO/DIO.o
 .text.portInit
                0x00000000        0x6 MCAL/DIO/DIO.o
 .debug_info    0x00000000       0x83 MCAL/DIO/DIO.o
 .debug_abbrev  0x00000000       0x51 MCAL/DIO/DIO.o
 .debug_aranges
                0x00000000       0x20 MCAL/DIO/DIO.o
 .debug_ranges  0x00000000       0x10 MCAL/DIO/DIO.o
 .debug_line    0x00000000       0xa5 MCAL/DIO/DIO.o
 .debug_str     0x00000000      0x16c MCAL/DIO/DIO.o
 .comment       0x00000000       0x31 MCAL/DIO/DIO.o
 .debug_frame   0x00000000       0x24 MCAL/DIO/DIO.o
 .text          0x00000000        0x0 MCAL/INT/INT.o
 .data          0x00000000        0x0 MCAL/INT/INT.o
 .bss           0x00000000        0x0 MCAL/INT/INT.o
 .debug_line    0x00000000        0x0 MCAL/INT/INT.o
 .debug_str     0x00000000       0xf4 MCAL/INT/INT.o
 .comment       0x00000000       0x31 MCAL/INT/INT.o
 .text          0x00000000        0x0 MCAL/TIMER/TIMER.o
 .data          0x00000000        0x0 MCAL/TIMER/TIMER.o
 .bss           0x00000000        0x0 MCAL/TIMER/TIMER.o
 .debug_line    0x00000000        0x0 MCAL/TIMER/TIMER.o
 .debug_str     0x00000000       0xf8 MCAL/TIMER/TIMER.o
 .comment       0x00000000       0x31 MCAL/TIMER/TIMER.o
 .text          0x00000000        0x0 OPERATIONS/CALLS/CALLS.o
 .data          0x00000000        0x0 OPERATIONS/CALLS/CALLS.o
 .bss           0x00000000        0x0 OPERATIONS/CALLS/CALLS.o
 .debug_line    0x00000000        0x0 OPERATIONS/CALLS/CALLS.o
 .debug_str     0x00000000       0xfe OPERATIONS/CALLS/CALLS.o
 .comment       0x00000000       0x31 OPERATIONS/CALLS/CALLS.o
 .text          0x00000000        0x0 OPERATIONS/DISPLAY_OUTPUT/DISP.o
 .data          0x00000000        0x0 OPERATIONS/DISPLAY_OUTPUT/DISP.o
 .bss           0x00000000        0x0 OPERATIONS/DISPLAY_OUTPUT/DISP.o
 .debug_line    0x00000000        0x0 OPERATIONS/DISPLAY_OUTPUT/DISP.o
 .debug_str     0x00000000      0x106 OPERATIONS/DISPLAY_OUTPUT/DISP.o
 .comment       0x00000000       0x31 OPERATIONS/DISPLAY_OUTPUT/DISP.o
 .text          0x00000000        0x0 OPERATIONS/MAINTENANCE/MNT.o
 .data          0x00000000        0x0 OPERATIONS/MAINTENANCE/MNT.o
 .bss           0x00000000        0x0 OPERATIONS/MAINTENANCE/MNT.o
 .debug_line    0x00000000        0x0 OPERATIONS/MAINTENANCE/MNT.o
 .debug_str     0x00000000      0x102 OPERATIONS/MAINTENANCE/MNT.o
 .comment       0x00000000       0x31 OPERATIONS/MAINTENANCE/MNT.o
 .text          0x00000000        0x0 OPERATIONS/MOVEMENT/MOV.o
 .data          0x00000000        0x0 OPERATIONS/MOVEMENT/MOV.o
 .bss           0x00000000        0x0 OPERATIONS/MOVEMENT/MOV.o
 .debug_line    0x00000000        0x0 OPERATIONS/MOVEMENT/MOV.o
 .debug_str     0x00000000       0xff OPERATIONS/MOVEMENT/MOV.o
 .comment       0x00000000       0x31 OPERATIONS/MOVEMENT/MOV.o
 .text          0x00000000        0x0 OPERATIONS/PHASE_SEQ/SHAFT.o
 .data          0x00000000        0x0 OPERATIONS/PHASE_SEQ/SHAFT.o
 .bss           0x00000000        0x0 OPERATIONS/PHASE_SEQ/SHAFT.o
 .debug_line    0x00000000        0x0 OPERATIONS/PHASE_SEQ/SHAFT.o
 .debug_str     0x00000000      0x102 OPERATIONS/PHASE_SEQ/SHAFT.o
 .comment       0x00000000       0x31 OPERATIONS/PHASE_SEQ/SHAFT.o
 .text          0x00000000        0x0 OPERATIONS/PROGRAMMING/PROG.o
 .data          0x00000000        0x0 OPERATIONS/PROGRAMMING/PROG.o
 .bss           0x00000000        0x0 OPERATIONS/PROGRAMMING/PROG.o
 .debug_line    0x00000000        0x0 OPERATIONS/PROGRAMMING/PROG.o
 .debug_str     0x00000000      0x103 OPERATIONS/PROGRAMMING/PROG.o
 .comment       0x00000000       0x31 OPERATIONS/PROGRAMMING/PROG.o
 .text          0x00000000        0x0 OPERATIONS/SHAFT_SIGNAL/SHAFT.o
 .data          0x00000000        0x0 OPERATIONS/SHAFT_SIGNAL/SHAFT.o
 .bss           0x00000000        0x0 OPERATIONS/SHAFT_SIGNAL/SHAFT.o
 .debug_line    0x00000000        0x0 OPERATIONS/SHAFT_SIGNAL/SHAFT.o
 .debug_str     0x00000000      0x105 OPERATIONS/SHAFT_SIGNAL/SHAFT.o
 .comment       0x00000000       0x31 OPERATIONS/SHAFT_SIGNAL/SHAFT.o
 .text          0x00000000        0x0 c:/program files (x86)/atmel/studio/7.0/toolchain/avr8/avr8-gnu-toolchain/bin/../lib/gcc/avr/5.4.0/avr5\libgcc.a(_exit.o)
 .data          0x00000000        0x0 c:/program files (x86)/atmel/studio/7.0/toolchain/avr8/avr8-gnu-toolchain/bin/../lib/gcc/avr/5.4.0/avr5\libgcc.a(_exit.o)
 .bss           0x00000000        0x0 c:/program files (x86)/atmel/studio/7.0/toolchain/avr8/avr8-gnu-toolchain/bin/../lib/gcc/avr/5.4.0/avr5\libgcc.a(_exit.o)
 .text.libgcc.mul
                0x00000000        0x0 c:/program files (x86)/atmel/studio/7.0/toolchain/avr8/avr8-gnu-toolchain/bin/../lib/gcc/avr/5.4.0/avr5\libgcc.a(_exit.o)
 .text.libgcc.div
                0x00000000        0x0 c:/program files (x86)/atmel/studio/7.0/toolchain/avr8/avr8-gnu-toolchain/bin/../lib/gcc/avr/5.4.0/avr5\libgcc.a(_exit.o)
 .text.libgcc   0x00000000        0x0 c:/program files (x86)/atmel/studio/7.0/toolchain/avr8/avr8-gnu-toolchain/bin/../lib/gcc/avr/5.4.0/avr5\libgcc.a(_exit.o)
 .text.libgcc.prologue
                0x00000000        0x0 c:/program files (x86)/atmel/studio/7.0/toolchain/avr8/avr8-gnu-toolchain/bin/../lib/gcc/avr/5.4.0/avr5\libgcc.a(_exit.o)
 .text.libgcc.builtins
                0x00000000        0x0 c:/program files (x86)/atmel/studio/7.0/toolchain/avr8/avr8-gnu-toolchain/bin/../lib/gcc/avr/5.4.0/avr5\libgcc.a(_exit.o)
 .text.libgcc.fmul
                0x00000000        0x0 c:/program files (x86)/atmel/studio/7.0/toolchain/avr8/avr8-gnu-toolchain/bin/../lib/gcc/avr/5.4.0/avr5\libgcc.a(_exit.o)
 .text.libgcc.fixed
                0x00000000        0x0 c:/program files (x86)/atmel/studio/7.0/toolchain/avr8/avr8-gnu-toolchain/bin/../lib/gcc/avr/5.4.0/avr5\libgcc.a(_exit.o)
 .text          0x00000000        0x0 c:/program files (x86)/atmel/studio/7.0/toolchain/avr8/avr8-gnu-toolchain/bin/../lib/gcc/avr/5.4.0/avr5\libgcc.a(_tablejump2.o)
 .data          0x00000000        0x0 c:/program files (x86)/atmel/studio/7.0/toolchain/avr8/avr8-gnu-toolchain/bin/../lib/gcc/avr/5.4.0/avr5\libgcc.a(_tablejump2.o)
 .bss           0x00000000        0x0 c:/program files (x86)/atmel/studio/7.0/toolchain/avr8/avr8-gnu-toolchain/bin/../lib/gcc/avr/5.4.0/avr5\libgcc.a(_tablejump2.o)
 .text.libgcc.mul
                0x00000000        0x0 c:/program files (x86)/atmel/studio/7.0/toolchain/avr8/avr8-gnu-toolchain/bin/../lib/gcc/avr/5.4.0/avr5\libgcc.a(_tablejump2.o)
 .text.libgcc.div
                0x00000000        0x0 c:/program files (x86)/atmel/studio/7.0/toolchain/avr8/avr8-gnu-toolchain/bin/../lib/gcc/avr/5.4.0/avr5\libgcc.a(_tablejump2.o)
 .text.libgcc   0x00000000        0xc c:/program files (x86)/atmel/studio/7.0/toolchain/avr8/avr8-gnu-toolchain/bin/../lib/gcc/avr/5.4.0/avr5\libgcc.a(_tablejump2.o)
 .text.libgcc.prologue
                0x00000000        0x0 c:/program files (x86)/atmel/studio/7.0/toolchain/avr8/avr8-gnu-toolchain/bin/../lib/gcc/avr/5.4.0/avr5\libgcc.a(_tablejump2.o)
 .text.libgcc.builtins
                0x00000000        0x0 c:/program files (x86)/atmel/studio/7.0/toolchain/avr8/avr8-gnu-toolchain/bin/../lib/gcc/avr/5.4.0/avr5\libgcc.a(_tablejump2.o)
 .text.libgcc.fmul
                0x00000000        0x0 c:/program files (x86)/atmel/studio/7.0/toolchain/avr8/avr8-gnu-toolchain/bin/../lib/gcc/avr/5.4.0/avr5\libgcc.a(_tablejump2.o)
 .text.libgcc.fixed
                0x00000000        0x0 c:/program files (x86)/atmel/studio/7.0/toolchain/avr8/avr8-gnu-toolchain/bin/../lib/gcc/avr/5.4.0/avr5\libgcc.a(_tablejump2.o)
 .text          0x00000000        0x0 c:/program files (x86)/atmel/studio/7.0/toolchain/avr8/avr8-gnu-toolchain/bin/../lib/gcc/avr/5.4.0/avr5\libgcc.a(_copy_data.o)
 .data          0x00000000        0x0 c:/program files (x86)/atmel/studio/7.0/toolchain/avr8/avr8-gnu-toolchain/bin/../lib/gcc/avr/5.4.0/avr5\libgcc.a(_copy_data.o)
 .bss           0x00000000        0x0 c:/program files (x86)/atmel/studio/7.0/toolchain/avr8/avr8-gnu-toolchain/bin/../lib/gcc/avr/5.4.0/avr5\libgcc.a(_copy_data.o)
 .text.libgcc.mul
                0x00000000        0x0 c:/program files (x86)/atmel/studio/7.0/toolchain/avr8/avr8-gnu-toolchain/bin/../lib/gcc/avr/5.4.0/avr5\libgcc.a(_copy_data.o)
 .text.libgcc.div
                0x00000000        0x0 c:/program files (x86)/atmel/studio/7.0/toolchain/avr8/avr8-gnu-toolchain/bin/../lib/gcc/avr/5.4.0/avr5\libgcc.a(_copy_data.o)
 .text.libgcc   0x00000000        0x0 c:/program files (x86)/atmel/studio/7.0/toolchain/avr8/avr8-gnu-toolchain/bin/../lib/gcc/avr/5.4.0/avr5\libgcc.a(_copy_data.o)
 .text.libgcc.prologue
                0x00000000        0x0 c:/program files (x86)/atmel/studio/7.0/toolchain/avr8/avr8-gnu-toolchain/bin/../lib/gcc/avr/5.4.0/avr5\libgcc.a(_copy_data.o)
 .text.libgcc.builtins
                0x00000000        0x0 c:/program files (x86)/atmel/studio/7.0/toolchain/avr8/avr8-gnu-toolchain/bin/../lib/gcc/avr/5.4.0/avr5\libgcc.a(_copy_data.o)
 .text.libgcc.fmul
                0x00000000        0x0 c:/program files (x86)/atmel/studio/7.0/toolchain/avr8/avr8-gnu-toolchain/bin/../lib/gcc/avr/5.4.0/avr5\libgcc.a(_copy_data.o)
 .text.libgcc.fixed
                0x00000000        0x0 c:/program files (x86)/atmel/studio/7.0/toolchain/avr8/avr8-gnu-toolchain/bin/../lib/gcc/avr/5.4.0/avr5\libgcc.a(_copy_data.o)
 .text          0x00000000        0x0 c:/program files (x86)/atmel/studio/7.0/toolchain/avr8/avr8-gnu-toolchain/bin/../lib/gcc/avr/5.4.0/avr5\libgcc.a(_clear_bss.o)
 .data          0x00000000        0x0 c:/program files (x86)/atmel/studio/7.0/toolchain/avr8/avr8-gnu-toolchain/bin/../lib/gcc/avr/5.4.0/avr5\libgcc.a(_clear_bss.o)
 .bss           0x00000000        0x0 c:/program files (x86)/atmel/studio/7.0/toolchain/avr8/avr8-gnu-toolchain/bin/../lib/gcc/avr/5.4.0/avr5\libgcc.a(_clear_bss.o)
 .text.libgcc.mul
                0x00000000        0x0 c:/program files (x86)/atmel/studio/7.0/toolchain/avr8/avr8-gnu-toolchain/bin/../lib/gcc/avr/5.4.0/avr5\libgcc.a(_clear_bss.o)
 .text.libgcc.div
                0x00000000        0x0 c:/program files (x86)/atmel/studio/7.0/toolchain/avr8/avr8-gnu-toolchain/bin/../lib/gcc/avr/5.4.0/avr5\libgcc.a(_clear_bss.o)
 .text.libgcc   0x00000000        0x0 c:/program files (x86)/atmel/studio/7.0/toolchain/avr8/avr8-gnu-toolchain/bin/../lib/gcc/avr/5.4.0/avr5\libgcc.a(_clear_bss.o)
 .text.libgcc.prologue
                0x00000000        0x0 c:/program files (x86)/atmel/studio/7.0/toolchain/avr8/avr8-gnu-toolchain/bin/../lib/gcc/avr/5.4.0/avr5\libgcc.a(_clear_bss.o)
 .text.libgcc.builtins
                0x00000000        0x0 c:/program files (x86)/atmel/studio/7.0/toolchain/avr8/avr8-gnu-toolchain/bin/../lib/gcc/avr/5.4.0/avr5\libgcc.a(_clear_bss.o)
 .text.libgcc.fmul
                0x00000000        0x0 c:/program files (x86)/atmel/studio/7.0/toolchain/avr8/avr8-gnu-toolchain/bin/../lib/gcc/avr/5.4.0/avr5\libgcc.a(_clear_bss.o)
 .text.libgcc.fixed
                0x00000000        0x0 c:/program files (x86)/atmel/studio/7.0/toolchain/avr8/avr8-gnu-toolchain/bin/../lib/gcc/avr/5.4.0/avr5\libgcc.a(_clear_bss.o)
 .text          0x00000000        0x0 c:/program files (x86)/atmel/studio/7.0/toolchain/avr8/avr8-gnu-toolchain/bin/../lib/gcc/avr/5.4.0/../../../../avr/lib/avr5\libc.a(sprintf.o)
 .data          0x00000000        0x0 c:/program files (x86)/atmel/studio/7.0/toolchain/avr8/avr8-gnu-toolchain/bin/../lib/gcc/avr/5.4.0/../../../../avr/lib/avr5\libc.a(sprintf.o)
 .bss           0x00000000        0x0 c:/program files (x86)/atmel/studio/7.0/toolchain/avr8/avr8-gnu-toolchain/bin/../lib/gcc/avr/5.4.0/../../../../avr/lib/avr5\libc.a(sprintf.o)
 .text.avr-libc
                0x00000000       0x44 c:/program files (x86)/atmel/studio/7.0/toolchain/avr8/avr8-gnu-toolchain/bin/../lib/gcc/avr/5.4.0/../../../../avr/lib/avr5\libc.a(sprintf.o)
 .comment       0x00000000       0x31 c:/program files (x86)/atmel/studio/7.0/toolchain/avr8/avr8-gnu-toolchain/bin/../lib/gcc/avr/5.4.0/../../../../avr/lib/avr5\libc.a(sprintf.o)
 .text          0x00000000        0x0 c:/program files (x86)/atmel/studio/7.0/toolchain/avr8/avr8-gnu-toolchain/bin/../lib/gcc/avr/5.4.0/../../../../avr/lib/avr5\libc.a(vfprintf_std.o)
 .data          0x00000000        0x0 c:/program files (x86)/atmel/studio/7.0/toolchain/avr8/avr8-gnu-toolchain/bin/../lib/gcc/avr/5.4.0/../../../../avr/lib/avr5\libc.a(vfprintf_std.o)
 .bss           0x00000000        0x0 c:/program files (x86)/atmel/studio/7.0/toolchain/avr8/avr8-gnu-toolchain/bin/../lib/gcc/avr/5.4.0/../../../../avr/lib/avr5\libc.a(vfprintf_std.o)
 .text.avr-libc
                0x00000000      0x3c2 c:/program files (x86)/atmel/studio/7.0/toolchain/avr8/avr8-gnu-toolchain/bin/../lib/gcc/avr/5.4.0/../../../../avr/lib/avr5\libc.a(vfprintf_std.o)
 .comment       0x00000000       0x2d c:/program files (x86)/atmel/studio/7.0/toolchain/avr8/avr8-gnu-toolchain/bin/../lib/gcc/avr/5.4.0/../../../../avr/lib/avr5\libc.a(vfprintf_std.o)
 .text          0x00000000        0x0 c:/program files (x86)/atmel/studio/7.0/toolchain/avr8/avr8-gnu-toolchain/bin/../lib/gcc/avr/5.4.0/../../../../avr/lib/avr5\libc.a(strnlen_P.o)
 .data          0x00000000        0x0 c:/program files (x86)/atmel/studio/7.0/toolchain/avr8/avr8-gnu-toolchain/bin/../lib/gcc/avr/5.4.0/../../../../avr/lib/avr5\libc.a(strnlen_P.o)
 .bss           0x00000000        0x0 c:/program files (x86)/atmel/studio/7.0/toolchain/avr8/avr8-gnu-toolchain/bin/../lib/gcc/avr/5.4.0/../../../../avr/lib/avr5\libc.a(strnlen_P.o)
 .text.avr-libc
                0x00000000       0x16 c:/program files (x86)/atmel/studio/7.0/toolchain/avr8/avr8-gnu-toolchain/bin/../lib/gcc/avr/5.4.0/../../../../avr/lib/avr5\libc.a(strnlen_P.o)
 .text          0x00000000        0x0 c:/program files (x86)/atmel/studio/7.0/toolchain/avr8/avr8-gnu-toolchain/bin/../lib/gcc/avr/5.4.0/../../../../avr/lib/avr5\libc.a(strnlen.o)
 .data          0x00000000        0x0 c:/program files (x86)/atmel/studio/7.0/toolchain/avr8/avr8-gnu-toolchain/bin/../lib/gcc/avr/5.4.0/../../../../avr/lib/avr5\libc.a(strnlen.o)
 .bss           0x00000000        0x0 c:/program files (x86)/atmel/studio/7.0/toolchain/avr8/avr8-gnu-toolchain/bin/../lib/gcc/avr/5.4.0/../../../../avr/lib/avr5\libc.a(strnlen.o)
 .text.avr-libc
                0x00000000       0x16 c:/program files (x86)/atmel/studio/7.0/toolchain/avr8/avr8-gnu-toolchain/bin/../lib/gcc/avr/5.4.0/../../../../avr/lib/avr5\libc.a(strnlen.o)
 .text          0x00000000        0x0 c:/program files (x86)/atmel/studio/7.0/toolchain/avr8/avr8-gnu-toolchain/bin/../lib/gcc/avr/5.4.0/../../../../avr/lib/avr5\libc.a(fputc.o)
 .data          0x00000000        0x0 c:/program files (x86)/atmel/studio/7.0/toolchain/avr8/avr8-gnu-toolchain/bin/../lib/gcc/avr/5.4.0/../../../../avr/lib/avr5\libc.a(fputc.o)
 .bss           0x00000000        0x0 c:/program files (x86)/atmel/studio/7.0/toolchain/avr8/avr8-gnu-toolchain/bin/../lib/gcc/avr/5.4.0/../../../../avr/lib/avr5\libc.a(fputc.o)
 .text.avr-libc
                0x00000000       0x78 c:/program files (x86)/atmel/studio/7.0/toolchain/avr8/avr8-gnu-toolchain/bin/../lib/gcc/avr/5.4.0/../../../../avr/lib/avr5\libc.a(fputc.o)
 .comment       0x00000000       0x31 c:/program files (x86)/atmel/studio/7.0/toolchain/avr8/avr8-gnu-toolchain/bin/../lib/gcc/avr/5.4.0/../../../../avr/lib/avr5\libc.a(fputc.o)
 .text          0x00000000        0x0 c:/program files (x86)/atmel/studio/7.0/toolchain/avr8/avr8-gnu-toolchain/bin/../lib/gcc/avr/5.4.0/../../../../avr/lib/avr5\libc.a(ultoa_invert.o)
 .data          0x00000000        0x0 c:/program files (x86)/atmel/studio/7.0/toolchain/avr8/avr8-gnu-toolchain/bin/../lib/gcc/avr/5.4.0/../../../../avr/lib/avr5\libc.a(ultoa_invert.o)
 .bss           0x00000000        0x0 c:/program files (x86)/atmel/studio/7.0/toolchain/avr8/avr8-gnu-toolchain/bin/../lib/gcc/avr/5.4.0/../../../../avr/lib/avr5\libc.a(ultoa_invert.o)
 .text.avr-libc
                0x00000000       0xbc c:/program files (x86)/atmel/studio/7.0/toolchain/avr8/avr8-gnu-toolchain/bin/../lib/gcc/avr/5.4.0/../../../../avr/lib/avr5\libc.a(ultoa_invert.o)
 .text          0x00000000        0x0 c:/program files (x86)/atmel/studio/7.0/toolchain/avr8/avr8-gnu-toolchain/bin/../lib/gcc/avr/5.4.0/avr5\libgcc.a(_prologue.o)
 .data          0x00000000        0x0 c:/program files (x86)/atmel/studio/7.0/toolchain/avr8/avr8-gnu-toolchain/bin/../lib/gcc/avr/5.4.0/avr5\libgcc.a(_prologue.o)
 .bss           0x00000000        0x0 c:/program files (x86)/atmel/studio/7.0/toolchain/avr8/avr8-gnu-toolchain/bin/../lib/gcc/avr/5.4.0/avr5\libgcc.a(_prologue.o)
 .text.libgcc.mul
                0x00000000        0x0 c:/program files (x86)/atmel/studio/7.0/toolchain/avr8/avr8-gnu-toolchain/bin/../lib/gcc/avr/5.4.0/avr5\libgcc.a(_prologue.o)
 .text.libgcc.div
                0x00000000        0x0 c:/program files (x86)/atmel/studio/7.0/toolchain/avr8/avr8-gnu-toolchain/bin/../lib/gcc/avr/5.4.0/avr5\libgcc.a(_prologue.o)
 .text.libgcc   0x00000000        0x0 c:/program files (x86)/atmel/studio/7.0/toolchain/avr8/avr8-gnu-toolchain/bin/../lib/gcc/avr/5.4.0/avr5\libgcc.a(_prologue.o)
 .text.libgcc.prologue
                0x00000000       0x38 c:/program files (x86)/atmel/studio/7.0/toolchain/avr8/avr8-gnu-toolchain/bin/../lib/gcc/avr/5.4.0/avr5\libgcc.a(_prologue.o)
 .text.libgcc.builtins
                0x00000000        0x0 c:/program files (x86)/atmel/studio/7.0/toolchain/avr8/avr8-gnu-toolchain/bin/../lib/gcc/avr/5.4.0/avr5\libgcc.a(_prologue.o)
 .text.libgcc.fmul
                0x00000000        0x0 c:/program files (x86)/atmel/studio/7.0/toolchain/avr8/avr8-gnu-toolchain/bin/../lib/gcc/avr/5.4.0/avr5\libgcc.a(_prologue.o)
 .text.libgcc.fixed
                0x00000000        0x0 c:/program files (x86)/atmel/studio/7.0/toolchain/avr8/avr8-gnu-toolchain/bin/../lib/gcc/avr/5.4.0/avr5\libgcc.a(_prologue.o)
 .text          0x00000000        0x0 c:/program files (x86)/atmel/studio/7.0/toolchain/avr8/avr8-gnu-toolchain/bin/../lib/gcc/avr/5.4.0/avr5\libgcc.a(_epilogue.o)
 .data          0x00000000        0x0 c:/program files (x86)/atmel/studio/7.0/toolchain/avr8/avr8-gnu-toolchain/bin/../lib/gcc/avr/5.4.0/avr5\libgcc.a(_epilogue.o)
 .bss           0x00000000        0x0 c:/program files (x86)/atmel/studio/7.0/toolchain/avr8/avr8-gnu-toolchain/bin/../lib/gcc/avr/5.4.0/avr5\libgcc.a(_epilogue.o)
 .text.libgcc.mul
                0x00000000        0x0 c:/program files (x86)/atmel/studio/7.0/toolchain/avr8/avr8-gnu-toolchain/bin/../lib/gcc/avr/5.4.0/avr5\libgcc.a(_epilogue.o)
 .text.libgcc.div
                0x00000000        0x0 c:/program files (x86)/atmel/studio/7.0/toolchain/avr8/avr8-gnu-toolchain/bin/../lib/gcc/avr/5.4.0/avr5\libgcc.a(_epilogue.o)
 .text.libgcc   0x00000000        0x0 c:/program files (x86)/atmel/studio/7.0/toolchain/avr8/avr8-gnu-toolchain/bin/../lib/gcc/avr/5.4.0/avr5\libgcc.a(_epilogue.o)
 .text.libgcc.prologue
                0x00000000       0x36 c:/program files (x86)/atmel/studio/7.0/toolchain/avr8/avr8-gnu-toolchain/bin/../lib/gcc/avr/5.4.0/avr5\libgcc.a(_epilogue.o)
 .text.libgcc.builtins
                0x00000000        0x0 c:/program files (x86)/atmel/studio/7.0/toolchain/avr8/avr8-gnu-toolchain/bin/../lib/gcc/avr/5.4.0/avr5\libgcc.a(_epilogue.o)
 .text.libgcc.fmul
                0x00000000        0x0 c:/program files (x86)/atmel/studio/7.0/toolchain/avr8/avr8-gnu-toolchain/bin/../lib/gcc/avr/5.4.0/avr5\libgcc.a(_epilogue.o)
 .text.libgcc.fixed
                0x00000000        0x0 c:/program files (x86)/atmel/studio/7.0/toolchain/avr8/avr8-gnu-toolchain/bin/../lib/gcc/avr/5.4.0/avr5\libgcc.a(_epilogue.o)

Memory Configuration

Name             Origin             Length             Attributes
text             0x00000000         0x00010000         xr
data             0x00800100         0x00001000         rw !x
eeprom           0x00810000         0x00000800         rw !x
fuse             0x00820000         0x00000003         rw !x
lock             0x00830000         0x00000400         rw !x
signature        0x00840000         0x00000400         rw !x
user_signatures  0x00850000         0x00000400         rw !x
*default*        0x00000000         0xffffffff

Linker script and memory map

Address of section .data set to 0x800100
LOAD C:/Program Files (x86)/Atmel/Studio/7.0/Packs/atmel/ATmega_DFP/1.7.374/gcc/dev/atmega644p/avr5/crtatmega644p.o
LOAD APPLICATION/APP.o
LOAD APPLICATION/Call_coll/CALL_COLLc.o
LOAD APPLICATION/Dis_mode/DIS_MODE.o
LOAD APPLICATION/Ins_mode/INS.o
LOAD APPLICATION/Movement/Movement.o
LOAD APPLICATION/Norm_mode/NORMAL_MODE.o
LOAD APPLICATION/Prog_mode/PROG_MODE.o
LOAD APPLICATION/Shaft_coll/SHAFT_COLL.o
LOAD ECUAL/7SEG/_7seg.o
LOAD ECUAL/BUTTON/BUTTON.o
LOAD ECUAL/CALLS/calls.o
LOAD ECUAL/LCD/LCD.o
LOAD ECUAL/MOV/MOV.o
LOAD ECUAL/MULTIPLEXER/PLEXER.o
LOAD ECUAL/SHIFT_REGISTER/SHIFT.o
LOAD main.o
LOAD MCAL/DIO/DIO.o
LOAD MCAL/INT/INT.o
LOAD MCAL/TIMER/TIMER.o
LOAD OPERATIONS/CALLS/CALLS.o
LOAD OPERATIONS/DISPLAY_OUTPUT/DISP.o
LOAD OPERATIONS/MAINTENANCE/MNT.o
LOAD OPERATIONS/MOVEMENT/MOV.o
LOAD OPERATIONS/PHASE_SEQ/SHAFT.o
LOAD OPERATIONS/PROGRAMMING/PROG.o
LOAD OPERATIONS/SHAFT_SIGNAL/SHAFT.o
START GROUP
LOAD c:/program files (x86)/atmel/studio/7.0/toolchain/avr8/avr8-gnu-toolchain/bin/../lib/gcc/avr/5.4.0/../../../../avr/lib/avr5\libm.a
END GROUP
START GROUP
LOAD c:/program files (x86)/atmel/studio/7.0/toolchain/avr8/avr8-gnu-toolchain/bin/../lib/gcc/avr/5.4.0/avr5\libgcc.a
LOAD c:/program files (x86)/atmel/studio/7.0/toolchain/avr8/avr8-gnu-toolchain/bin/../lib/gcc/avr/5.4.0/../../../../avr/lib/avr5\libm.a
LOAD c:/program files (x86)/atmel/studio/7.0/toolchain/avr8/avr8-gnu-toolchain/bin/../lib/gcc/avr/5.4.0/../../../../avr/lib/avr5\libc.a
LOAD C:/Program Files (x86)/Atmel/Studio/7.0/Packs/atmel/ATmega_DFP/1.7.374/gcc/dev/atmega644p/avr5\libatmega644p.a
END GROUP
                0x00000000                __TEXT_REGION_ORIGIN__ = DEFINED (__TEXT_REGION_ORIGIN__)?__TEXT_REGION_ORIGIN__:0x0
                [0x00800100]                __DATA_REGION_ORIGIN__ = DEFINED (__DATA_REGION_ORIGIN__)?__DATA_REGION_ORIGIN__:0x800060
                [0x00010000]                __TEXT_REGION_LENGTH__ = DEFINED (__TEXT_REGION_LENGTH__)?__TEXT_REGION_LENGTH__:0x20000
                [0x00001000]                __DATA_REGION_LENGTH__ = DEFINED (__DATA_REGION_LENGTH__)?__DATA_REGION_LENGTH__:0xffa0
                [0x00000800]                __EEPROM_REGION_LENGTH__ = DEFINED (__EEPROM_REGION_LENGTH__)?__EEPROM_REGION_LENGTH__:0x10000
                [0x00000003]                __FUSE_REGION_LENGTH__ = DEFINED (__FUSE_REGION_LENGTH__)?__FUSE_REGION_LENGTH__:0x400
                0x00000400                __LOCK_REGION_LENGTH__ = DEFINED (__LOCK_REGION_LENGTH__)?__LOCK_REGION_LENGTH__:0x400
                0x00000400                __SIGNATURE_REGION_LENGTH__ = DEFINED (__SIGNATURE_REGION_LENGTH__)?__SIGNATURE_REGION_LENGTH__:0x400
                0x00000400                __USER_SIGNATURE_REGION_LENGTH__ = DEFINED (__USER_SIGNATURE_REGION_LENGTH__)?__USER_SIGNATURE_REGION_LENGTH__:0x400

.hash
 *(.hash)

.dynsym
 *(.dynsym)

.dynstr
 *(.dynstr)

.gnu.version
 *(.gnu.version)

.gnu.version_d
 *(.gnu.version_d)

.gnu.version_r
 *(.gnu.version_r)

.rel.init
 *(.rel.init)

.rela.init
 *(.rela.init)

.rel.text
 *(.rel.text)
 *(.rel.text.*)
 *(.rel.gnu.linkonce.t*)

.rela.text
 *(.rela.text)
 *(.rela.text.*)
 *(.rela.gnu.linkonce.t*)

.rel.fini
 *(.rel.fini)

.rela.fini
 *(.rela.fini)

.rel.rodata
 *(.rel.rodata)
 *(.rel.rodata.*)
 *(.rel.gnu.linkonce.r*)

.rela.rodata
 *(.rela.rodata)
 *(.rela.rodata.*)
 *(.rela.gnu.linkonce.r*)

.rel.data
 *(.rel.data)
 *(.rel.data.*)
 *(.rel.gnu.linkonce.d*)

.rela.data
 *(.rela.data)
 *(.rela.data.*)
 *(.rela.gnu.linkonce.d*)

.rel.ctors
 *(.rel.ctors)

.rela.ctors
 *(.rela.ctors)

.rel.dtors
 *(.rel.dtors)

.rela.dtors
 *(.rela.dtors)

.rel.got
 *(.rel.got)

.rela.got
 *(.rela.got)

.rel.bss
 *(.rel.bss)

.rela.bss
 *(.rela.bss)

.rel.plt
 *(.rel.plt)

.rela.plt
 *(.rela.plt)

.text           0x00000000      0x700
 *(.vectors)
 .vectors       0x00000000       0x7c C:/Program Files (x86)/Atmel/Studio/7.0/Packs/atmel/ATmega_DFP/1.7.374/gcc/dev/atmega644p/avr5/crtatmega644p.o
                0x00000000                __vector_default
                0x00000000                __vectors
 *(.vectors)
 *(.progmem.gcc*)
                0x0000007c                . = ALIGN (0x2)
                0x0000007c                __trampolines_start = .
 *(.trampolines)
 .trampolines   0x0000007c        0x0 linker stubs
 *(.trampolines*)
                0x0000007c                __trampolines_end = .
 *libprintf_flt.a:*(.progmem.data)
 *libc.a:*(.progmem.data)
 *(.progmem*)
                0x0000007c                . = ALIGN (0x2)
 *(.jumptables)
 *(.jumptables*)
 *(.lowtext)
 *(.lowtext*)
                0x0000007c                __ctors_start = .
 *(.ctors)
                0x0000007c                __ctors_end = .
                0x0000007c                __dtors_start = .
 *(.dtors)
                0x0000007c                __dtors_end = .
 SORT(*)(.ctors)
 SORT(*)(.dtors)
 *(.init0)
 .init0         0x0000007c        0x0 C:/Program Files (x86)/Atmel/Studio/7.0/Packs/atmel/ATmega_DFP/1.7.374/gcc/dev/atmega644p/avr5/crtatmega644p.o
                0x0000007c                __init
 *(.init0)
 *(.init1)
 *(.init1)
 *(.init2)
 .init2         0x0000007c        0xc C:/Program Files (x86)/Atmel/Studio/7.0/Packs/atmel/ATmega_DFP/1.7.374/gcc/dev/atmega644p/avr5/crtatmega644p.o
 *(.init2)
 *(.init3)
 *(.init3)
 *(.init4)
 .init4         0x00000088       0x16 c:/program files (x86)/atmel/studio/7.0/toolchain/avr8/avr8-gnu-toolchain/bin/../lib/gcc/avr/5.4.0/avr5\libgcc.a(_copy_data.o)
                0x00000088                __do_copy_data
 .init4         0x0000009e       0x10 c:/program files (x86)/atmel/studio/7.0/toolchain/avr8/avr8-gnu-toolchain/bin/../lib/gcc/avr/5.4.0/avr5\libgcc.a(_clear_bss.o)
                0x0000009e                __do_clear_bss
 *(.init4)
 *(.init5)
 *(.init5)
 *(.init6)
 *(.init6)
 *(.init7)
 *(.init7)
 *(.init8)
 *(.init8)
 *(.init9)
 .init9         0x000000ae        0x8 C:/Program Files (x86)/Atmel/Studio/7.0/Packs/atmel/ATmega_DFP/1.7.374/gcc/dev/atmega644p/avr5/crtatmega644p.o
 *(.init9)
 *(.text)
 .text          0x000000b6        0x4 C:/Program Files (x86)/Atmel/Studio/7.0/Packs/atmel/ATmega_DFP/1.7.374/gcc/dev/atmega644p/avr5/crtatmega644p.o
                0x000000b6                __vector_22
                0x000000b6                __vector_28
                0x000000b6                __vector_1
                0x000000b6                __vector_24
                0x000000b6                __vector_12
                0x000000b6                __bad_interrupt
                0x000000b6                __vector_6
                0x000000b6                __vector_3
                0x000000b6                __vector_23
                0x000000b6                __vector_30
                0x000000b6                __vector_25
                0x000000b6                __vector_11
                0x000000b6                __vector_13
                0x000000b6                __vector_17
                0x000000b6                __vector_19
                0x000000b6                __vector_7
                0x000000b6                __vector_27
                0x000000b6                __vector_5
                0x000000b6                __vector_4
                0x000000b6                __vector_9
                0x000000b6                __vector_2
                0x000000b6                __vector_21
                0x000000b6                __vector_15
                0x000000b6                __vector_29
                0x000000b6                __vector_8
                0x000000b6                __vector_26
                0x000000b6                __vector_14
                0x000000b6                __vector_10
                0x000000b6                __vector_16
                0x000000b6                __vector_18
                0x000000b6                __vector_20
                0x000000ba                . = ALIGN (0x2)
 *(.text.*)
 .text.checking
                0x000000ba       0x7a APPLICATION/APP.o
                0x000000ba                checking
 .text.appStart
                0x00000134       0x1c APPLICATION/APP.o
                0x00000134                appStart
 .text.doorMode
                0x00000150       0x26 APPLICATION/Prog_mode/PROG_MODE.o
                0x00000150                doorMode
 .text.parameterSelect
                0x00000176        0xa APPLICATION/Prog_mode/PROG_MODE.o
                0x00000176                parameterSelect
 .text.program  0x00000180      0x3a8 APPLICATION/Prog_mode/PROG_MODE.o
                0x00000180                program
 .text.lcd_command
                0x00000528       0x2c ECUAL/LCD/LCD.o
                0x00000528                lcd_command
 .text.lcd_init
                0x00000554       0x42 ECUAL/LCD/LCD.o
                0x00000554                lcd_init
 .text.lcd_data
                0x00000596       0x28 ECUAL/LCD/LCD.o
                0x00000596                lcd_data
 .text.lcd_string
                0x000005be       0x1a ECUAL/LCD/LCD.o
                0x000005be                lcd_string
 .text.shiftInit
                0x000005d8       0x1a ECUAL/SHIFT_REGISTER/SHIFT.o
                0x000005d8                shiftInit
 .text.lcd_shiftOut
                0x000005f2       0x40 ECUAL/SHIFT_REGISTER/SHIFT.o
                0x000005f2                lcd_shiftOut
 .text.dis_shiftOut
                0x00000632       0x40 ECUAL/SHIFT_REGISTER/SHIFT.o
                0x00000632                dis_shiftOut
 .text.inc_shiftOut
                0x00000672       0x40 ECUAL/SHIFT_REGISTER/SHIFT.o
                0x00000672                inc_shiftOut
 .text.exc_shiftOut
                0x000006b2       0x40 ECUAL/SHIFT_REGISTER/SHIFT.o
                0x000006b2                exc_shiftOut
 .text.main     0x000006f2        0xa main.o
                0x000006f2                main
                0x000006fc                . = ALIGN (0x2)
 *(.fini9)
 .fini9         0x000006fc        0x0 c:/program files (x86)/atmel/studio/7.0/toolchain/avr8/avr8-gnu-toolchain/bin/../lib/gcc/avr/5.4.0/avr5\libgcc.a(_exit.o)
                0x000006fc                _exit
                0x000006fc                exit
 *(.fini9)
 *(.fini8)
 *(.fini8)
 *(.fini7)
 *(.fini7)
 *(.fini6)
 *(.fini6)
 *(.fini5)
 *(.fini5)
 *(.fini4)
 *(.fini4)
 *(.fini3)
 *(.fini3)
 *(.fini2)
 *(.fini2)
 *(.fini1)
 *(.fini1)
 *(.fini0)
 .fini0         0x000006fc        0x4 c:/program files (x86)/atmel/studio/7.0/toolchain/avr8/avr8-gnu-toolchain/bin/../lib/gcc/avr/5.4.0/avr5\libgcc.a(_exit.o)
 *(.fini0)
                0x00000700                _etext = .

.data           0x00800100      0x172 load address 0x00000700
                0x00800100                PROVIDE (__data_start, .)
 *(.data)
 *(.data*)
 .data.sevenSegment
                0x00800100       0x14 ECUAL/7SEG/_7seg.o
                0x00800100                sevenSegment
 .data.callsNumber
                0x00800114        0x8 ECUAL/CALLS/calls.o
                0x00800114                callsNumber
 *(.gnu.linkonce.d*)
 *(.rodata)
 .rodata        0x0080011c      0x100 APPLICATION/Prog_mode/PROG_MODE.o
 *(.rodata*)
 .rodata.str1.1
                0x0080021c        0xb APPLICATION/APP.o
 .rodata.str1.1
                0x00800227       0x4a APPLICATION/Prog_mode/PROG_MODE.o
 *(.gnu.linkonce.r*)
                0x00800272                . = ALIGN (0x2)
 *fill*         0x00800271        0x1 
                0x00800272                _edata = .
                0x00800272                PROVIDE (__data_end, .)

.bss            0x00800272       0x17
                0x00800272                PROVIDE (__bss_start, .)
 *(.bss)
 *(.bss*)
 *(COMMON)
 COMMON         0x00800272       0x17 APPLICATION/APP.o
                0x00800272                pSelect
                0x00800273                p
                0x00800274                shaftInputValue
                0x00800275                binary
                0x00800289                PROVIDE (__bss_end, .)
                0x00000700                __data_load_start = LOADADDR (.data)
                0x00000872                __data_load_end = (__data_load_start + SIZEOF (.data))

.noinit         0x00800289        0x0
                [!provide]                PROVIDE (__noinit_start, .)
 *(.noinit*)
                [!provide]                PROVIDE (__noinit_end, .)
                0x00800289                _end = .
                [!provide]                PROVIDE (__heap_start, .)

.eeprom         0x00810000        0x0
 *(.eeprom*)
                0x00810000                __eeprom_end = .

.fuse
 *(.fuse)
 *(.lfuse)
 *(.hfuse)
 *(.efuse)

.lock
 *(.lock*)

.signature
 *(.signature*)

.user_signatures
 *(.user_signatures*)

.stab
 *(.stab)

.stabstr
 *(.stabstr)

.stab.excl
 *(.stab.excl)

.stab.exclstr
 *(.stab.exclstr)

.stab.index
 *(.stab.index)

.stab.indexstr
 *(.stab.indexstr)

.comment        0x00000000       0x30
 *(.comment)
 .comment       0x00000000       0x30 APPLICATION/APP.o
                                 0x31 (size before relaxing)
 .comment       0x00000030       0x31 APPLICATION/Prog_mode/PROG_MODE.o
 .comment       0x00000030       0x31 ECUAL/7SEG/_7seg.o
 .comment       0x00000030       0x31 ECUAL/CALLS/calls.o
 .comment       0x00000030       0x31 ECUAL/LCD/LCD.o
 .comment       0x00000030       0x31 ECUAL/SHIFT_REGISTER/SHIFT.o
 .comment       0x00000030       0x31 main.o

.note.gnu.avr.deviceinfo
                0x00000000       0x40
 .note.gnu.avr.deviceinfo
                0x00000000       0x40 C:/Program Files (x86)/Atmel/Studio/7.0/Packs/atmel/ATmega_DFP/1.7.374/gcc/dev/atmega644p/avr5/crtatmega644p.o

.note.gnu.build-id
 *(.note.gnu.build-id)

.debug
 *(.debug)

.line
 *(.line)

.debug_srcinfo
 *(.debug_srcinfo)

.debug_sfnames
 *(.debug_sfnames)

.debug_aranges  0x00000000      0x1b8
 *(.debug_aranges)
 .debug_aranges
                0x00000000       0x28 APPLICATION/APP.o
 .debug_aranges
                0x00000028       0xb0 APPLICATION/Prog_mode/PROG_MODE.o
 .debug_aranges
                0x000000d8       0x18 ECUAL/7SEG/_7seg.o
 .debug_aranges
                0x000000f0       0x18 ECUAL/CALLS/calls.o
 .debug_aranges
                0x00000108       0x48 ECUAL/LCD/LCD.o
 .debug_aranges
                0x00000150       0x48 ECUAL/SHIFT_REGISTER/SHIFT.o
 .debug_aranges
                0x00000198       0x20 main.o

.debug_pubnames
 *(.debug_pubnames)

.debug_info     0x00000000     0x17f1
 *(.debug_info .gnu.linkonce.wi.*)
 .debug_info    0x00000000      0x6cc C:/Program Files (x86)/Atmel/Studio/7.0/Packs/atmel/ATmega_DFP/1.7.374/gcc/dev/atmega644p/avr5/crtatmega644p.o
 .debug_info    0x000006cc      0x2f5 APPLICATION/APP.o
 .debug_info    0x000009c1      0x58a APPLICATION/Prog_mode/PROG_MODE.o
 .debug_info    0x00000f4b       0x60 ECUAL/7SEG/_7seg.o
 .debug_info    0x00000fab       0x4e ECUAL/CALLS/calls.o
 .debug_info    0x00000ff9      0x493 ECUAL/LCD/LCD.o
 .debug_info    0x0000148c      0x1fa ECUAL/SHIFT_REGISTER/SHIFT.o
 .debug_info    0x00001686      0x16b main.o

.debug_abbrev   0x00000000      0xce6
 *(.debug_abbrev)
 .debug_abbrev  0x00000000      0x66e C:/Program Files (x86)/Atmel/Studio/7.0/Packs/atmel/ATmega_DFP/1.7.374/gcc/dev/atmega644p/avr5/crtatmega644p.o
 .debug_abbrev  0x0000066e      0x164 APPLICATION/APP.o
 .debug_abbrev  0x000007d2      0x183 APPLICATION/Prog_mode/PROG_MODE.o
 .debug_abbrev  0x00000955       0x3e ECUAL/7SEG/_7seg.o
 .debug_abbrev  0x00000993       0x3e ECUAL/CALLS/calls.o
 .debug_abbrev  0x000009d1      0x1b9 ECUAL/LCD/LCD.o
 .debug_abbrev  0x00000b8a       0xb5 ECUAL/SHIFT_REGISTER/SHIFT.o
 .debug_abbrev  0x00000c3f       0xa7 main.o

.debug_line     0x00000000      0xfd8
 *(.debug_line .debug_line.* .debug_line_end)
 .debug_line    0x00000000      0x152 C:/Program Files (x86)/Atmel/Studio/7.0/Packs/atmel/ATmega_DFP/1.7.374/gcc/dev/atmega644p/avr5/crtatmega644p.o
 .debug_line    0x00000152      0x2b4 APPLICATION/APP.o
 .debug_line    0x00000406      0x420 APPLICATION/Prog_mode/PROG_MODE.o
 .debug_line    0x00000826       0x4e ECUAL/7SEG/_7seg.o
 .debug_line    0x00000874       0x34 ECUAL/CALLS/calls.o
 .debug_line    0x000008a8      0x2f7 ECUAL/LCD/LCD.o
 .debug_line    0x00000b9f      0x297 ECUAL/SHIFT_REGISTER/SHIFT.o
 .debug_line    0x00000e36      0x1a2 main.o

.debug_frame    0x00000000      0x2dc
 *(.debug_frame)
 .debug_frame   0x00000000       0x50 APPLICATION/APP.o
 .debug_frame   0x00000050      0x158 APPLICATION/Prog_mode/PROG_MODE.o
 .debug_frame   0x000001a8       0x9c ECUAL/LCD/LCD.o
 .debug_frame   0x00000244       0x74 ECUAL/SHIFT_REGISTER/SHIFT.o
 .debug_frame   0x000002b8       0x24 main.o

.debug_str      0x00000000      0x63c
 *(.debug_str)
 .debug_str     0x00000000      0x252 C:/Program Files (x86)/Atmel/Studio/7.0/Packs/atmel/ATmega_DFP/1.7.374/gcc/dev/atmega644p/avr5/crtatmega644p.o
 .debug_str     0x00000252      0x227 APPLICATION/APP.o
                                0x25b (size before relaxing)
 .debug_str     0x00000479       0xf2 APPLICATION/Prog_mode/PROG_MODE.o
                                0x2e3 (size before relaxing)
 .debug_str     0x0000056b       0x16 ECUAL/7SEG/_7seg.o
                                0x123 (size before relaxing)
 .debug_str     0x00000581       0x17 ECUAL/CALLS/calls.o
                                0x11c (size before relaxing)
 .debug_str     0x00000598       0x64 ECUAL/LCD/LCD.o
                                0x253 (size before relaxing)
 .debug_str     0x000005fc       0x2f ECUAL/SHIFT_REGISTER/SHIFT.o
                                0x1ec (size before relaxing)
 .debug_str     0x0000062b       0x11 main.o
                                0x1bd (size before relaxing)

.debug_loc      0x00000000      0x617
 *(.debug_loc)
 .debug_loc     0x00000000      0x105 APPLICATION/APP.o
 .debug_loc     0x00000105       0xf9 APPLICATION/Prog_mode/PROG_MODE.o
 .debug_loc     0x000001fe      0x319 ECUAL/LCD/LCD.o
 .debug_loc     0x00000517      0x100 ECUAL/SHIFT_REGISTER/SHIFT.o

.debug_macinfo
 *(.debug_macinfo)

.debug_weaknames
 *(.debug_weaknames)

.debug_funcnames
 *(.debug_funcnames)

.debug_typenames
 *(.debug_typenames)

.debug_varnames
 *(.debug_varnames)

.debug_pubtypes
 *(.debug_pubtypes)

.debug_ranges   0x00000000      0x138
 *(.debug_ranges)
 .debug_ranges  0x00000000       0x18 APPLICATION/APP.o
 .debug_ranges  0x00000018       0xa0 APPLICATION/Prog_mode/PROG_MODE.o
 .debug_ranges  0x000000b8       0x38 ECUAL/LCD/LCD.o
 .debug_ranges  0x000000f0       0x38 ECUAL/SHIFT_REGISTER/SHIFT.o
 .debug_ranges  0x00000128       0x10 main.o

.debug_macro
 *(.debug_macro)
OUTPUT(Fajer_V2.0.elf elf32-avr)
LOAD linker stubs
